4 4 4 4 4 4 4 4 4 4 4
2 2 2 2 2 2 2 2 2 2
2 2 2 2 2 2 2 2 2 6
1 2 2 2 2 2 2 2 2 2
2 2 2 2 2 2 2 2 2 8
1 2 2 2 2 2 2 2 2 6
1 2 2 2 2 2 2 2 2 8
2 2 2 2 2 2 2 2 8 8
1 2 2 2 2 2 2 2 8 8
2 2 2 2 2 2 2 8 8 8
1 2 2 2 2 2 2 8 8 8
2 2 4 4 4 4 4 4 4 8
1 2 4 4 4 4 4 4 4 6
4 4 4 4 4 4 4 8 8 8
4 4 4 4 4 4 4 8 8 9
2 2 4 4 4 4 4 4 4 4
2 4 4 4 4 4 4 4 4 6
1 2 4 4 4 4 4 4 4 4
2 4 4 4 4 4 4 4 4 8
1 4 4 4 4 4 4 4 4 6
4 4 4 4 4 4 4 4 8 8
4 4 4 4 4 4 4 4 8 9
2 4 4 4 4 4 4 4 4 4
4 4 4 4 4 4 4 4 4 6
1 4 4 4 4 4 4 4 4 4
4 4 4 4 4 4 4 4 4 8
4 4 4 4 4 4 4 4 4 9
4 4 4 4 4 4 4 4 4 4
2 2 2 2 2 2 2 2 2
2 2 2 2 2 2 2 2 6
1 2 2 2 2 2 2 2 2
2 2 2 2 2 2 2 2 8
1 2 2 2 2 2 2 2 6
1 2 2 2 2 2 2 2 8
2 2 2 2 2 2 2 8 8
1 2 2 2 2 2 2 8 8
2 2 2 2 2 2 8 8 8
1 2 2 2 2 2 8 8 8
2 2 4 4 4 4 4 4 8
1 2 4 4 4 4 4 4 6
4 4 4 4 4 4 8 8 8
4 4 4 4 4 4 8 8 9
2 2 4 4 4 4 4 4 4
2 4 4 4 4 4 4 4 6
1 2 4 4 4 4 4 4 4
2 4 4 4 4 4 4 4 8
1 4 4 4 4 4 4 4 6
4 4 4 4 4 4 4 8 8
4 4 4 4 4 4 4 8 9
2 4 4 4 4 4 4 4 4
4 4 4 4 4 4 4 4 6
1 4 4 4 4 4 4 4 4
4 4 4 4 4 4 4 4 8
4 4 4 4 4 4 4 4 9
4 4 4 4 4 4 4 4 4
2 2 2 2 2 2 2 2
2 2 2 2 2 2 2 6
1 2 2 2 2 2 2 2
2 2 2 2 2 2 2 8
1 2 2 2 2 2 2 6
1 2 2 2 2 2 2 8
2 2 2 2 2 2 8 8
1 2 2 2 2 2 8 8
2 2 2 2 2 8 8 8
1 2 2 2 2 8 8 8
2 2 4 4 4 4 4 8
1 2 4 4 4 4 4 6
4 4 4 4 4 8 8 8
4 4 4 4 4 8 8 9
2 2 4 4 4 4 4 4
2 4 4 4 4 4 4 6
1 2 4 4 4 4 4 4
2 4 4 4 4 4 4 8
1 4 4 4 4 4 4 6
4 4 4 4 4 4 8 8
4 4 4 4 4 4 8 9
2 4 4 4 4 4 4 4
4 4 4 4 4 4 4 6
1 4 4 4 4 4 4 4
4 4 4 4 4 4 4 8
4 4 4 4 4 4 4 9
4 4 4 4 4 4 4 4
2 2 2 2 2 2 2
2 2 2 2 2 2 6
1 2 2 2 2 2 2
2 2 2 2 2 2 8
1 2 2 2 2 2 6
1 2 2 2 2 2 8
2 2 2 2 2 8 8
1 2 2 2 2 8 8
2 2 2 2 8 8 8
1 2 2 2 8 8 8
2 2 4 4 4 4 8
1 2 4 4 4 4 6
4 4 4 4 8 8 8
4 4 4 4 8 8 9
2 2 4 4 4 4 4
2 4 4 4 4 4 6
1 2 4 4 4 4 4
2 4 4 4 4 4 8
1 4 4 4 4 4 6
4 4 4 4 4 8 8
4 4 4 4 4 8 9
2 4 4 4 4 4 4
4 4 4 4 4 4 6
1 4 4 4 4 4 4
4 4 4 4 4 4 8
4 4 4 4 4 4 9
4 4 4 4 4 4 4
2 2 2 2 2 2
2 2 2 2 2 6
1 2 2 2 2 2
2 2 2 2 2 8
1 2 2 2 2 6
1 2 2 2 2 8
2 2 2 2 8 8
1 2 2 2 8 8
2 2 2 8 8 8
1 2 2 8 8 8
2 2 4 4 4 8
1 2 4 4 4 6
4 4 4 8 8 8
4 4 4 8 8 9
2 2 4 4 4 4
2 4 4 4 4 6
1 2 4 4 4 4
2 4 4 4 4 8
1 4 4 4 4 6
4 4 4 4 8 8
4 4 4 4 8 9
2 4 4 4 4 4
4 4 4 4 4 6
1 4 4 4 4 4
4 4 4 4 4 8
4 4 4 4 4 9
4 4 4 4 4 4
2 2 2 2 2
2 2 2 2 6
1 2 2 2 2
2 2 2 2 8
1 2 2 2 6
1 2 2 2 8
2 2 2 8 8
1 2 2 8 8
2 2 8 8 8
1 2 8 8 8
4 8 8 8 9
2 2 4 4 8
1 2 4 4 6
4 4 8 8 8
4 4 8 8 9
2 2 4 4 4
2 4 4 4 6
1 2 4 4 4
2 4 4 4 8
1 4 4 4 6
4 4 4 8 8
4 4 4 8 9
2 4 4 4 4
4 4 4 4 6
1 4 4 4 4
4 4 4 4 8
4 4 4 4 9
4 4 4 4 4
2 2 2 2
2 2 2 6
1 2 2 2
2 2 2 8
1 2 2 6
1 2 2 8
2 2 8 8
1 2 8 8
2 8 8 8
1 8 8 8
8 8 8 9
9 9 9 9
2 2 4 8
1 2 4 6
4 8 8 8
4 8 8 9
2 2 4 4
2 4 4 6
1 2 4 4
2 4 4 8
1 4 4 6
4 4 8 8
4 4 8 9
2 4 4 4
4 4 4 6
1 4 4 4
4 4 4 8
4 4 4 9
4 4 4 4
2 2 2
2 2 6
1 2 2
2 2 8
1 2 6
1 2 8
2 8 8
1 8 8
8 8 8
8 8 9
8 9 9
9 9 9
2 2 4
2 4 6
1 2 4
2 4 8
1 4 6
1 4 8
4 8 8
4 8 9
2 4 4
4 4 6
1 4 4
4 4 8
4 4 9
4 4 4
2 2
2 6
1 2
2 8
1 6
1 8
8 8
8 9
9 9
2 4
4 6
1 4
4 8
4 9
4 4
2
6
1
8
9
4
Impossible
Impossible
Ambiguous
Ambiguous
Impossible
Impossible
Impossible
Impossible
Impossible
Impossible
1 2 4 4 4 4 4 4 6
Impossible
Ambiguous
Impossible
Impossible
Impossible
Impossible
Impossible
Ambiguous
Impossible
Impossible
Ambiguous
Ambiguous
Ambiguous
Impossible
Impossible
Impossible
Impossible
Impossible
Impossible
Ambiguous
Impossible
Impossible
Impossible
Ambiguous
Ambiguous
Impossible
Ambiguous
Impossible
Impossible
Impossible
Ambiguous
Ambiguous
Impossible
Impossible
Impossible
Impossible
2 2 2 2 2 2 2 2 8 8
Impossible
Impossible
Impossible
Impossible
Impossible
Ambiguous
Impossible
2 4 4 4 4 4 8
Ambiguous
Ambiguous
Impossible
Impossible
Ambiguous
Impossible
Ambiguous
Ambiguous
Impossible
Impossible
Ambiguous
Impossible
Impossible
Ambiguous
Impossible
Impossible
Impossible
Impossible
Impossible
Impossible
Impossible
Impossible
Impossible
Ambiguous
2 2 2 2 6
Impossible
Ambiguous
Impossible
Impossible
Impossible
Impossible
1 2 2 2 2 2 2 2 8
Impossible
Impossible
Impossible
Impossible
Impossible
Ambiguous
Impossible
Ambiguous
Impossible
Impossible
Impossible
Impossible
Impossible
Impossible
Impossible
Impossible
Impossible
Impossible
Impossible
Ambiguous
Ambiguous
Impossible
Impossible
Ambiguous
Impossible
Impossible
Impossible
Impossible
Impossible
Impossible
Impossible
Impossible
Impossible
Ambiguous
Impossible
Ambiguous
Impossible
Impossible
Impossible
Impossible
Ambiguous
Impossible
Impossible
Ambiguous
Impossible
Impossible
Ambiguous
Ambiguous
Ambiguous
Impossible
Ambiguous
Impossible
Impossible
Ambiguous
Ambiguous
Impossible
Impossible
Ambiguous
Impossible
Impossible
Impossible
Ambiguous
Impossible
Impossible
Impossible
Impossible
Impossible
Impossible
Impossible
Ambiguous
Ambiguous
Impossible
Impossible
Impossible
Ambiguous
Ambiguous
Ambiguous
Impossible
Impossible
Impossible
Impossible
Ambiguous
Impossible
Impossible
Impossible
Ambiguous
Ambiguous
Impossible
Impossible
Impossible
Impossible
Impossible
Impossible
Impossible
2 2 8
Impossible
Impossible
Impossible
Ambiguous
Impossible
Impossible
Impossible
Ambiguous
Impossible
Impossible
Impossible
Impossible
Impossible
Impossible
Impossible
Impossible
Impossible
Impossible
Ambiguous
Impossible
Impossible
Impossible
1 4 4 4 4
1 2 4 4 6
Impossible
Impossible
Ambiguous
Impossible
Impossible
Ambiguous
Ambiguous
Impossible
Impossible
Impossible
Impossible
Impossible
Impossible
Ambiguous
Ambiguous
Impossible
Impossible
Impossible
Impossible
Ambiguous
Impossible
Ambiguous
Impossible
Impossible
Impossible
Impossible
Impossible
Impossible
Impossible
Impossible
Impossible
2 4 4 4 6
Ambiguous
Ambiguous
Impossible
Impossible
Impossible
Impossible
Ambiguous
Impossible
Impossible
Impossible
Ambiguous
Impossible
Impossible
Impossible
Ambiguous
Ambiguous
Impossible
Impossible
Impossible
Ambiguous
Impossible
Ambiguous
Impossible
Impossible
Ambiguous
Impossible
2 2 2 2 6
Impossible
Impossible
Impossible
Impossible
2 4 4 4 4 4 4 6
Ambiguous
Impossible
Impossible
Impossible
Impossible
Impossible
Ambiguous
Ambiguous
Ambiguous
Impossible
Ambiguous
Ambiguous
Impossible
1 2 2 2 2 2 8 8
Impossible
Impossible
Ambiguous
Impossible
Impossible
Impossible
Ambiguous
Impossible
Ambiguous
Ambiguous
Ambiguous
Impossible
Ambiguous
Impossible
Impossible
Impossible
Impossible
Ambiguous
Impossible
Ambiguous
Impossible
Impossible
Ambiguous
Impossible
Impossible
Ambiguous
Ambiguous
Ambiguous
Impossible
Ambiguous
Impossible
Impossible
2 2 2 2 2 2 2 6
Ambiguous
Impossible
Impossible
Impossible
Impossible
Ambiguous
Ambiguous
Impossible
Impossible
Ambiguous
Impossible
Ambiguous
Ambiguous
Ambiguous
Impossible
Impossible
Impossible
Impossible
Ambiguous
Impossible
Impossible
Impossible
Ambiguous
Impossible
Impossible
Impossible
Impossible
Impossible
Impossible
Impossible
Ambiguous
Impossible
Impossible
Impossible
Ambiguous
Impossible
Ambiguous
Impossible
Ambiguous
Impossible
Impossible
Impossible
Impossible
Impossible
Ambiguous
Impossible
Impossible
Impossible
Ambiguous
Impossible
Ambiguous
Impossible
Ambiguous
Impossible
Ambiguous
Impossible
4 4 4 4 4 4 8
2 4 4 4 4 4
Impossible
Ambiguous
Impossible
Impossible
Impossible
Impossible
Impossible
Impossible
Impossible
Impossible
Impossible
Impossible
Ambiguous
Ambiguous
Impossible
Ambiguous
Impossible
Ambiguous
Ambiguous
4 4 4 4 4 4 4 4 4 4
Impossible
Ambiguous
Impossible
Impossible
Impossible
Impossible
Ambiguous
Impossible
1 2 2 6
Impossible
Impossible
4 4 4 4 4 4 4 8 8
Ambiguous
Ambiguous
Impossible
Impossible
Impossible
Impossible
Impossible
Impossible
Impossible
Ambiguous
Impossible
Impossible
Ambiguous
4 4 8 9
Impossible
2 8 8 8
Impossible
Impossible
Ambiguous
Impossible
Impossible
Impossible
Ambiguous
Impossible
Impossible
Impossible
Ambiguous
Impossible
Impossible
Impossible
Impossible
Impossible
Impossible
Impossible
Ambiguous
Impossible
Impossible
Impossible
Impossible
Ambiguous
Ambiguous
Impossible
Impossible
Ambiguous
Ambiguous
Impossible
Impossible
Ambiguous
Impossible
Ambiguous
Impossible
Ambiguous
Impossible
Ambiguous
4 4 4
Impossible
Impossible
Impossible
Ambiguous
Impossible
Ambiguous
Ambiguous
Impossible
Impossible
Impossible
Impossible
Impossible
Impossible
Impossible
Impossible
Ambiguous
Ambiguous
Impossible
Impossible
Impossible
Impossible
Impossible
Impossible
Impossible
Impossible
4 4 4 4 4 4 6
Ambiguous
Ambiguous
Impossible
Ambiguous
Ambiguous
1 2 2 6
Ambiguous
Ambiguous
Impossible
Impossible
Impossible
Impossible
Impossible
Ambiguous
Impossible
Ambiguous
Impossible
Ambiguous
Impossible
Ambiguous
Impossible
Impossible
Ambiguous
Ambiguous
Ambiguous
Ambiguous
Ambiguous
Impossible
Ambiguous
Impossible
Impossible
Impossible
Impossible
Impossible
Impossible
Impossible
Impossible
Impossible
Ambiguous
Impossible
Impossible
Ambiguous
Impossible
Ambiguous
Impossible
Impossible
Impossible
Impossible
Impossible
Impossible
Impossible
Ambiguous
Impossible
1 2 4
Ambiguous
Impossible
Ambiguous
Impossible
Impossible
Ambiguous
Impossible
Ambiguous
Impossible
Impossible
Ambiguous
Impossible
Impossible
Impossible
Ambiguous
Impossible
Impossible
Impossible
Impossible
Impossible
Impossible
Ambiguous
Impossible
Impossible
Impossible
Impossible
Impossible
Ambiguous
Impossible
Ambiguous
Impossible
Impossible
Impossible
Impossible
Impossible
Impossible
Impossible
Impossible
Ambiguous
Impossible
Impossible
Impossible
Ambiguous
Impossible
Impossible
Impossible
Impossible
Impossible
Impossible
Impossible
Ambiguous
Impossible
Impossible
Impossible
Impossible
Ambiguous
Impossible
Impossible
Ambiguous
Impossible
Impossible
Ambiguous
Impossible
Ambiguous
Impossible
Impossible
Impossible
Impossible
Ambiguous
Impossible
Impossible
Impossible
Impossible
Ambiguous
Ambiguous
Impossible
Ambiguous
Impossible
Ambiguous
Impossible
Impossible
Impossible
Impossible
Ambiguous
Impossible
Impossible
Impossible
Impossible
Impossible
Impossible
Impossible
Impossible
Impossible
Impossible
Impossible
Impossible
Impossible
Impossible
Impossible
Impossible
Impossible
Impossible
Impossible
Impossible
Impossible
Ambiguous
Impossible
Ambiguous
Impossible
Impossible
Impossible
Impossible
Ambiguous
Impossible
Ambiguous
Ambiguous
Impossible
Impossible
Ambiguous
Ambiguous
Impossible
Impossible
Impossible
Impossible
Impossible
2 2 2 2 2 2 2 8 8
Impossible
Impossible
Impossible
Ambiguous
Impossible
Ambiguous
Impossible
Impossible
Ambiguous
Impossible
Impossible
Impossible
Impossible
Impossible
Impossible
Impossible
Impossible
Ambiguous
Impossible
Impossible
Impossible
Impossible
Impossible
Ambiguous
Ambiguous
Ambiguous
Impossible
Impossible
1 2 4 4 4 6
Impossible
Impossible
Impossible
Impossible
Impossible
Impossible
Ambiguous
Impossible
Ambiguous
Impossible
Impossible
Impossible
Impossible
Impossible
Impossible
8 9 9
Impossible
Impossible
Impossible
Impossible
Impossible
2 2 2 2 2 2 2 2 8 8
Impossible
Ambiguous
Impossible
Impossible
Impossible
Impossible
Impossible
Impossible
Impossible
Impossible
Impossible
Impossible
Ambiguous
Impossible
Impossible
Impossible
Impossible
Impossible
Impossible
Impossible
Impossible
Ambiguous
Impossible
Ambiguous
Ambiguous
Impossible
Ambiguous
Impossible
Impossible
Impossible
Impossible
Impossible
Impossible
Impossible
Impossible
Impossible
Ambiguous
4 4 4 4 4 4 4 4 4 4
Impossible
Impossible
